<table class="list_table">
<tr class='h'><td class='h'></td><td class='h'>Type</td><td class='h'>Symbol</td><td class='h'>System</td><td class='h'>Message</td></tr>
<tr class="d1 ">
<td style='font-weight: bold' class='warningLine'>Warning</td>
<td class='warningLine'>Invalid data</td>
<td class='warningLine'>SE</td>
<td class='warningLine'>Moving Average 3</td>
<td class='warningLine'>2017-Feb-27: volume 0; 2017-Feb-28: volume 0; 2017-Mar-01: volume 0; ...</td>
</tr>
<tr class="d0 ">
<td style='font-weight: bold' class='warningLine'>Warning</td>
<td class='warningLine'>Invalid data</td>
<td class='warningLine'>SE</td>
<td class='warningLine'>DipBuyer fast with volume filter</td>
<td class='warningLine'>2017-Feb-27: volume 0; 2017-Feb-28: volume 0; 2017-Mar-01: volume 0; ...</td>
</tr>
</table>
