header=<tr class="h"> <td class="h">Long/ Short</td> <td class="h">Symbol</td> <td class="h">Shares</td> <td class="h">Entry date</td> <td class="h">Entry price</td> <td class="h">Entry name</td> <td class="h">Exit date</td> <td class="h">Exit price</td> <td class="h">Exit name</td> <td class="h">Gain</td> <td class="h">Gain %</td> <td class="h">System</td></tr>
line=0,0
line=25,9689
line=50,19294
end=73,28137
