<table class="list_table">
<tr class='h'><td class='h'></td><td class='h'>Type</td><td class='h'>Symbol</td><td class='h'>System</td><td class='h'>Message</td></tr>
<tr class="d1 ">
<td style='font-weight: bold' class='errorLine'>Error</td>
<td class='errorLine'>Data source</td>
<td class='errorLine'>ACE</td>
<td class='errorLine'>SMA System with Pullback</td>
<td class='errorLine'>No data available in the requested range for symbol: "ACE"</td>
</tr>
<tr class="d0 ">
<td style='font-weight: bold' class='errorLine'>Error</td>
<td class='errorLine'>Data source</td>
<td class='errorLine'>ACT</td>
<td class='errorLine'>SMA System with Pullback</td>
<td class='errorLine'>No data available in the requested range for symbol: "ACT"</td>
</tr>
<tr class="d1 ">
<td style='font-weight: bold' class='errorLine'>Error</td>
<td class='errorLine'>Data source</td>
<td class='errorLine'>GAS</td>
<td class='errorLine'>SMA System with Pullback</td>
<td class='errorLine'>No data available in the requested range for symbol: "GAS"</td>
</tr>
<tr class="d0 ">
<td style='font-weight: bold' class='warningLine'>Warning</td>
<td class='warningLine'>Invalid data</td>
<td class='warningLine'>ARG</td>
<td class='warningLine'>SMA System with Pullback</td>
<td class='warningLine'>2016-May-23: volume 0; 2016-May-24: volume 0; 2016-May-25: volume 0; ...</td>
</tr>
</table>
